============================================================
Test Analysis API
============================================================

1. Login...
   Token: eyJhbGciOiJIUzI1NiIsInR5cCI6IkpXVCJ9.eyJzdWIiOiJhZ...

2. Test Analysis API...
------------------------------------------------------------

Request: POST /api/analysis/tasks
Data: {
  "symbol": "000001",
  "market": "CN",
  "analysts": [
    "market",
    "fundamental"
  ],
  "config": {
    "deep_think_llm": "deepseek-chat",
    "quick_think_llm": "deepseek-chat"
  }
}

Status: 405
Response: {
  "detail": "Method Not Allowed"
}

ERROR: {"detail":"Method Not Allowed"}

============================================================
